src/components/ui/EmptyState.tsx(1,8): error TS1259: Module '"C:/Users/Rakshith H N/OneDrive/Desktop/EduSmart/node_modules/@types/react/index"' can only be default-imported using the 'allowSyntheticDefaultImports' flag
src/components/ui/Toast.tsx(1,8): error TS1259: Module '"C:/Users/Rakshith H N/OneDrive/Desktop/EduSmart/node_modules/@types/react/index"' can only be default-imported using the 'allowSyntheticDefaultImports' flag
src/main.tsx(1,8): error TS1259: Module '"C:/Users/Rakshith H N/OneDrive/Desktop/EduSmart/node_modules/@types/react/index"' can only be default-imported using the 'allowSyntheticDefaultImports' flag
src/main.tsx(2,8): error TS1192: Module '"C:/Users/Rakshith H N/OneDrive/Desktop/EduSmart/node_modules/@types/react-dom/client"' has no default export.
